Warning: You are sending unauthenticated requests to the HF Hub. Please set a HF_TOKEN to enable higher rate limits and faster downloads.

[TIGRESS] LOADING SENTENCE MODEL...
Loading weights:   0%|          | 0/103 [00:00<?, ?it/s]Loading weights: 100%|##########| 103/103 [00:00<00:00, 5967.45it/s]
[TIGRESS] SENTENCE MODEL READY
liboqs-python faulthandler is disabled

==============================
SQA PQC CONFIG
==============================
KYBER ALGORITHM: Kyber1024
SIGNATURE ALGORITHM: ML-DSA-65
==============================

[S2] Warning loading audit key: {'code': '42703', 'details': None, 'hint': None, 'message': 'column audit_keys.is_active does not exist'}
[S2] Warning: Could not persist to Supabase: {'code': 'PGRST204', 'details': None, 'hint': None, 'message': "Could not find the 'is_active' column of 'audit_keys' in the schema cache"}
[S2] AUDIT KEY CREATED
[S1/S3] Loaded 16 audit entries from Supabase
SECURE ROUTER LOADED
[ACCESS] Access request routes active
[ADMIN] Admin panel routes active
[DASHBOARD] Dashboard stub routes active
INFO:     Started server process [12620]
INFO:     Waiting for application startup.
INFO:     Application startup complete.
ERROR:    [Errno 10048] error while attempting to bind on address ('0.0.0.0', 8000): [winerror 10048] only one usage of each socket address (protocol/network address/port) is normally permitted
INFO:     Waiting for application shutdown.
INFO:     Application shutdown complete.

===================================
 >> SQA DRAGON WARRIOR ONLINE 
===================================

[SNAKE] Tamper monitor started
[MANTIS] Oracle Scroll learning started

===================================
 SECURITY EVENT 
===================================
{
  "event_id": "SYSTEM_STARTUP_1779749881.141832",
  "event_type": "SYSTEM_STARTUP",
  "severity": "LOW",
  "title": "SQA Dragon Warrior Online",
  "agent_id": "SYSTEM",
  "message": "Post-quantum AI security gateway operational",
  "timestamp": "2026-05-26T04:28:01.141832",
  "metadata": {
    "architecture": "DRAGON_WARRIOR",
    "modules": {
      "PO": true,
      "TIGRESS": true,
      "MONKEY": true,
      "CRANE": true,
      "SNAKE": true,
      "MANTIS": true
    }
  }
}
===================================

[PO] Dragon Warrior ACTIVE
[TIGRESS] Prompt Defense ACTIVE
[MONKEY] Quantum Identity ACTIVE
[CRANE] Capability Governance ACTIVE
[SNAKE] Immutable Audit ACTIVE
[MANTIS] Behavioral AI ACTIVE

===================================
 SNAKE TAMPER MONITOR ACTIVE 
===================================

[S6] Merkle checkpoint #1 stored: e93fa63c4eeac0b8edb4deb8...

===================================
 SECURITY EVENT 
===================================
{
  "event_type": "MERKLE_CHECKPOINT",
  "severity": "LOW",
  "title": "Merkle Checkpoint Created",
  "agent_id": "SYSTEM",
  "message": "Sacred Peach Tree root computed",
  "metadata": {
    "merkle_root": "e93fa63c4eeac0b8edb4deb804419a72a8d0ca0b34689731895babf99bfaa03c",
    "chain_length": 16
  },
  "event_id": "evt_1779749881.141832",
  "timestamp": "2026-05-26T04:28:01.141832"
}
===================================


===================================
 SECURITY EVENT 
===================================
{
  "event_id": "SYSTEM_SHUTDOWN_1779749881.141832",
  "event_type": "SYSTEM_SHUTDOWN",
  "severity": "MEDIUM",
  "title": "SQA Shutdown",
  "agent_id": "SYSTEM",
  "message": "Dragon Warrior gateway shutting down",
  "timestamp": "2026-05-26T04:28:01.141832",
  "metadata": {}
}
===================================


===================================
 >> SQA SHUTDOWN 
===================================

